// Jest Snapshot v1, https://goo.gl/fbAQLP

exports[`app component snapshot testing 1`] = `ShallowWrapper {}`;
